SQL> 2"D:\sem-3\sql\ex-2\ex-2.sql"
SP2-0734: unknown command beginning "2"D:\sem-3..." - rest of line ignored.
SQL> @"D:\sem-3\sql\ex-2\ex-2.sql"
SQL> SQL> @"D:\sem-3\sql\ex-2\ex-2.sql"
SP2-0734: unknown command beginning "SQL> @"D:\..." - rest of line ignored.
SQL> SQL> spool off
SP2-0734: unknown command beginning "SQL> spool..." - rest of line ignored.
SQL> @"D:\sem-3\sql\ex-2\ex-2.sql"
SQL> SQL> @"D:\sem-3\sql\ex-2\ex-2.sql"
SP2-0734: unknown command beginning "SQL> @"D:\..." - rest of line ignored.
SP2-0044: For a list of known commands enter HELP
and to leave enter EXIT.
SQL> SQL> spool off
SP2-0734: unknown command beginning "SQL> spool..." - rest of line ignored.
SQL> clear screen
SQL> @"D:\sem-3\sql\ex-2\ex-2.sql"
SQL> SQL> @"D:\sem-3\sql\ex-2\ex-2.sql"
SP2-0734: unknown command beginning "SQL> @"D:\..." - rest of line ignored.
SQL> SQL> spool off
SP2-0734: unknown command beginning "SQL> spool..." - rest of line ignored.
SQL> spool "D:\sem-3\sql\ex-2\ex-2.sql"
